1, "将 CALL 语句中的存储过程名称转换为大写"
3, "将模式调用的所有自变量转换为大写"
4, "对模式调用返回类似版本 2.1.2 的结果集"
5, "不优化输入 VARCHAR 的处理"
6, "禁用可滚动游标"
7, "将所有 GRAPHIC 列数据类型映射为 CHAR"
8, "忽略模式调用中的目录搜索自变量"
9, "不落实“提前关闭”游标"
11, "报告目录名是受支持的，（VB 存储过程）"
12, "除去模式调用自变量中的双引号，（可视 Interdev）"
13, "不将关键字从 db2cli.ini 追加至输出连接字符串"
14, "忽略 SQLProcedures() 和 SQLProcedureColumns() 上的模式名"
15, "始终使用句点作为字符输出中的十进制分隔符"
16, "强制返回每次打开操作的描述信息"
17, "不返回描述的列名"
18, "试图将文字替换为参数标志符"
19, "DB2/390 V4.1，允许外连接的 ON 子句中具有方括号"
20, "DB2/390 重写 BETWEEN 谓词，并使参数标志符作为操作数"
21, "将存储过程的所有仅“输出”参数设置为 SQL_NULL_DATA"
22, "将“外”连接报告为不受支持"
23, "不优化利用 cbColDef=0 绑定的参数的输入"
24, "将“时间”值映射为“字符”，（MS Access）"
25, "除去 DECIMAL 列的 CHAR 表示中的结尾零，（MS Access）"
26, "不将 sqlcode 464 返回给应用程序"
27, "强制 SQLTables 在任何时候都使用 TABLETYPE 关键字值"                         
28, "将 REAL 列描述为 DOUBLE 列"                                             
29, "除去值 x 的字符串表示中的前导零，其中 1 > x > -1，（ADO）"   
30, "禁用“存储过程”高速缓存优化"
31, "报告关于 SQLStatistics 调用上的别名的统计信息"
32, "覆盖 sqlcode -727 原因代码 4 处理"
33, "当转换为 CHAR 时，返回时间戳记的 ISO 版本"                
34, "将 CHAR FOR BIT DATA 列作为 CHAR 来报告"
38, "关闭语句高速缓存"			
42, "不要将 FOR UPDATE 子句放置在键集游标上"
50, "取装时释放定位器"

